// Jest Snapshot v1, https://goo.gl/fbAQLP

exports[`EditGoal component renders the component from props 1`] = `
<div
  className="editGoal"
/>
`;
